// Jest Snapshot v1, https://goo.gl/fbAQLP

exports[`form test optional 1`] = `"{"params":{"arc_head_scale":1.5,"arctap_scale":1.3,"tap_scale":1.1},"notes":"arc(0,1000,0.00,1.00,s,1.00,0.00,0,none,false);"}"`;

exports[`form test required 1`] = `"{"params":{},"notes":"arc(0,1000,0.00,1.00,s,1.00,0.00,0,none,false);"}"`;
