// Jest Snapshot v1, https://goo.gl/fbAQLP

exports[`form test all 1`] = `"{"params":{"sc_x":2,"count":10,"stop":1000,"start":0}}"`;

exports[`form test all required 1`] = `"{"params":{"count":10,"stop":1000,"start":0}}"`;

exports[`form test required missing 1`] = `"["params"]"`;

exports[`form test required missing 2`] = `"["params"]"`;

exports[`form test required missing 3`] = `"["params"]"`;
